Loading classifier from: ../results/network_v8_1.pth
    Done (0.79s)
Loading U-Net Decoder from: ../results/6-no_shape_noise/MSE/training/decoder_best.pt
    Done (0.42s)
Loading degradation with: sp=0.7, stds in [[0.005, 0.0075, 0.01, 0.025, 0.05, 0.075, 0.1, 0.15, 0.2, 0.22, 0.3]]
    Done (0.00s)
Loading data from: ../data-full/
    Using the full validation split: 240/720 samples per class with DARKSKIES/BAHAMAS.
    Done (8.00s)
Generating Noisy, U-Net, and kNN datasets...
    Done (185.65s)

======== Evaluation loop starting... (Results saving to ../results/classification/plots_model_6/) ========

------ Predicting: 1. Noise-Free ------
Prediction time: 1.487e+02 s

Evaluating: 1. Noise-Free...

True Labels: [0 0 0 0 0 1 1 1 1 1]
Predicted Labels: [2 0 0 0 0 3 1 1 3 3]
Unique target values: [0 1 2 3 4 5 6]

  -> Saved plot: 1. Noise-Free.png
  -> Metrics: Acc: 0.612 | Prec: 0.586 | Rec: 0.588 | F1: 0.580
  Done (149.75s)

------ Predicting: 2. Noisy ------
Prediction time: 1.496e+02 s

Evaluating: 2. Noisy...

True Labels: [0 0 0 0 0 1 1 1 1 1]
Predicted Labels: [1 1 1 1 1 1 1 1 1 1]
Unique target values: [0 1 2 3 4 5 6]

  -> Saved plot: 2. Noisy.png
  -> Metrics: Acc: 0.203 | Prec: 0.046 | Rec: 0.145 | F1: 0.056
  Done (150.08s)

------ Predicting: 3. U-Net-degr0.005 ------
Prediction time: 1.529e+02 s

Evaluating: 3. U-Net-degr0.005...

True Labels: [0 0 0 0 0 1 1 1 1 1]
Predicted Labels: [2 0 2 0 0 3 0 0 1 1]
Unique target values: [0 1 2 3 4 5 6]

  -> Saved plot: 3. U-Net-degr0.005.png
  -> Metrics: Acc: 0.237 | Prec: 0.347 | Rec: 0.286 | F1: 0.218
  Done (153.43s)

------ Predicting: 3. U-Net-degr0.0075 ------
Prediction time: 1.528e+02 s

Evaluating: 3. U-Net-degr0.0075...

True Labels: [0 0 0 0 0 1 1 1 1 1]
Predicted Labels: [0 0 0 0 0 3 0 1 1 1]
Unique target values: [0 1 2 3 4 5 6]

  -> Saved plot: 3. U-Net-degr0.0075.png
  -> Metrics: Acc: 0.207 | Prec: 0.297 | Rec: 0.230 | F1: 0.161
  Done (153.32s)

------ Predicting: 3. U-Net-degr0.01 ------
Prediction time: 1.525e+02 s

Evaluating: 3. U-Net-degr0.01...

True Labels: [0 0 0 0 0 1 1 1 1 1]
Predicted Labels: [1 0 0 0 0 1 0 0 1 1]
Unique target values: [0 1 2 3 4 5 6]

  -> Saved plot: 3. U-Net-degr0.01.png
  -> Metrics: Acc: 0.216 | Prec: 0.312 | Rec: 0.198 | F1: 0.134
  Done (153.03s)

------ Predicting: 3. U-Net-degr0.025 ------
Prediction time: 1.524e+02 s

Evaluating: 3. U-Net-degr0.025...

True Labels: [0 0 0 0 0 1 1 1 1 1]
Predicted Labels: [3 3 3 0 1 1 3 1 1 1]
Unique target values: [0 1 2 3 4 5 6]

  -> Saved plot: 3. U-Net-degr0.025.png
  -> Metrics: Acc: 0.237 | Prec: 0.282 | Rec: 0.171 | F1: 0.129
  Done (152.96s)

------ Predicting: 3. U-Net-degr0.05 ------
Prediction time: 1.522e+02 s

Evaluating: 3. U-Net-degr0.05...

True Labels: [0 0 0 0 0 1 1 1 1 1]
Predicted Labels: [3 3 3 1 3 3 3 3 3 3]
Unique target values: [0 1 2 3 4 5 6]

  -> Saved plot: 3. U-Net-degr0.05.png
  -> Metrics: Acc: 0.210 | Prec: 0.115 | Rec: 0.150 | F1: 0.092
  Done (152.72s)

------ Predicting: 3. U-Net-degr0.075 ------
Prediction time: 1.520e+02 s

Evaluating: 3. U-Net-degr0.075...

True Labels: [0 0 0 0 0 1 1 1 1 1]
Predicted Labels: [3 5 3 5 3 3 3 3 3 3]
Unique target values: [0 1 2 3 4 5 6]

  -> Saved plot: 3. U-Net-degr0.075.png
  -> Metrics: Acc: 0.213 | Prec: 0.132 | Rec: 0.153 | F1: 0.095
  Done (152.53s)

------ Predicting: 3. U-Net-degr0.1 ------
Prediction time: 1.520e+02 s

Evaluating: 3. U-Net-degr0.1...

True Labels: [0 0 0 0 0 1 1 1 1 1]
Predicted Labels: [3 3 3 1 3 1 1 3 3 3]
Unique target values: [0 1 2 3 4 5 6]

  -> Saved plot: 3. U-Net-degr0.1.png
  -> Metrics: Acc: 0.217 | Prec: 0.124 | Rec: 0.156 | F1: 0.105
  Done (152.52s)

------ Predicting: 3. U-Net-degr0.15 ------
Prediction time: 1.516e+02 s

Evaluating: 3. U-Net-degr0.15...

True Labels: [0 0 0 0 0 1 1 1 1 1]
Predicted Labels: [3 3 3 1 1 1 1 3 1 3]
Unique target values: [0 1 2 3 4 5 6]

  -> Saved plot: 3. U-Net-degr0.15.png
  -> Metrics: Acc: 0.216 | Prec: 0.108 | Rec: 0.155 | F1: 0.108
  Done (152.09s)

------ Predicting: 3. U-Net-degr0.2 ------
Prediction time: 1.515e+02 s

Evaluating: 3. U-Net-degr0.2...

True Labels: [0 0 0 0 0 1 1 1 1 1]
Predicted Labels: [3 3 3 1 1 1 1 3 1 1]
Unique target values: [0 1 2 3 4 5 6]

  -> Saved plot: 3. U-Net-degr0.2.png
  -> Metrics: Acc: 0.215 | Prec: 0.109 | Rec: 0.154 | F1: 0.108
  Done (152.04s)

------ Predicting: 3. U-Net-degr0.22 ------
Prediction time: 1.516e+02 s

Evaluating: 3. U-Net-degr0.22...

True Labels: [0 0 0 0 0 1 1 1 1 1]
Predicted Labels: [3 3 3 1 1 1 1 3 1 3]
Unique target values: [0 1 2 3 4 5 6]

  -> Saved plot: 3. U-Net-degr0.22.png
  -> Metrics: Acc: 0.213 | Prec: 0.138 | Rec: 0.153 | F1: 0.107
  Done (152.14s)

------ Predicting: 3. U-Net-degr0.3 ------
Prediction time: 1.517e+02 s

Evaluating: 3. U-Net-degr0.3...

True Labels: [0 0 0 0 0 1 1 1 1 1]
Predicted Labels: [3 1 1 1 1 1 1 3 1 3]
Unique target values: [0 1 2 3 4 5 6]

  -> Saved plot: 3. U-Net-degr0.3.png
  -> Metrics: Acc: 0.218 | Prec: 0.113 | Rec: 0.156 | F1: 0.109
  Done (152.37s)

------ Predicting: 4. kNN ------
Prediction time: 1.507e+02 s

Evaluating: 4. kNN...

True Labels: [0 0 0 0 0 1 1 1 1 1]
Predicted Labels: [0 2 0 0 0 1 1 1 1 3]
Unique target values: [0 1 2 3 4 5 6]

  -> Saved plot: 4. kNN.png
  -> Metrics: Acc: 0.206 | Prec: 0.315 | Rec: 0.225 | F1: 0.168
  Done (151.18s)

Total evaluation time: 2325.36s
